TestEmployee:
  - ID: 1
    NAME: "Robert"

TestDependent:
  - ID: 1
    NAME: "Liza"
    STATUS: "GirlFriend"
    testEmployee_id: 1
  - ID: 2
    NAME: "Bread"
    STATUS: "Child"
    testEmployee_id: 1