TestEntity:
  - ID: 1
    NAME: "testUpdate"
  - ID: 2
    NAME: "test2"